// Jest Snapshot v1, https://goo.gl/fbAQLP

exports[`It should render the About component as expected 1`] = `
<div
  className="about"
>
  <div
    className="panel"
  >
    <h1>
      About
    </h1>
  </div>
</div>
`;
