// Jest Snapshot v1, https://goo.gl/fbAQLP

exports[`It should render the Footer component as expected 1`] = `
<footer>
  <Links />
  <a
    className="copyright"
    href="http://brandnpatterson.github.io/"
    target="_blank"
  >
    <p>
      Â© 
      2017
       Brandon Patterson. All Rights Reserved.
    </p>
  </a>
</footer>
`;
