// Jest Snapshot v1, https://goo.gl/fbAQLP

exports[`It should render the DropBtn component as expected 1`] = `
<div>
  <div
    className="drop-btn "
    onClick={[Function]}
  >
    <div
      className="bar1"
    />
    <div
      className="bar2"
    />
    <div
      className="bar3"
    />
  </div>
  <div
    className="nav-links"
    onClick={[Function]}
  >
    <Links />
  </div>
</div>
`;
